// Jest Snapshot v1, https://goo.gl/fbAQLP

exports[`serialize() should serialize a Date 1`] = `"{\\"pool\\":[\\"2000-01-31T23:00:00.000Z\\"],\\"pointers\\":{\\"\\":0},\\"types\\":[\\"Date\\"]}"`;

exports[`serialize() should serialize a regular expression 1`] = `"{\\"pool\\":[\\"/fwjeofj/g\\"],\\"pointers\\":{\\"\\":0},\\"types\\":[\\"regexp\\"]}"`;

exports[`serialize() should serialize arrays 1`] = `"{\\"pool\\":[[],\\"abc\\",\\"cde\\"],\\"pointers\\":{\\"\\":0,\\"->0\\":1,\\"->1\\":2},\\"types\\":[\\"object\\",\\"string\\",\\"string\\"]}"`;

exports[`serialize() should serialize booleans 1`] = `"{\\"pool\\":[true],\\"pointers\\":{\\"\\":0},\\"types\\":[\\"boolean\\"]}"`;

exports[`serialize() should serialize booleans 2`] = `"{\\"pool\\":[false],\\"pointers\\":{\\"\\":0},\\"types\\":[\\"boolean\\"]}"`;

exports[`serialize() should serialize functions to strings 1`] = `"{\\"pool\\":[\\"function () { return console.log('Hello World!'); }\\"],\\"pointers\\":{\\"\\":0},\\"types\\":[\\"function\\"]}"`;

exports[`serialize() should serialize null 1`] = `"{\\"pool\\":[null],\\"pointers\\":{\\"\\":0},\\"types\\":[\\"object\\"]}"`;

exports[`serialize() should serialize numbers 1`] = `"{\\"pool\\":[3],\\"pointers\\":{\\"\\":0},\\"types\\":[\\"number\\"]}"`;

exports[`serialize() should serialize strings 1`] = `"{\\"pool\\":[\\"abc\\"],\\"pointers\\":{\\"\\":0},\\"types\\":[\\"string\\"]}"`;

exports[`serialize() should serialize symbols to strings 1`] = `"{\\"pool\\":[\\"Symbol(abc)\\"],\\"pointers\\":{\\"\\":0},\\"types\\":[\\"symbol\\"]}"`;

exports[`serialize() should serialize two references to the same array 1`] = `"{\\"pool\\":[[],[],1,2],\\"pointers\\":{\\"\\":0,\\"->0\\":1,\\"->0->0\\":2,\\"->0->1\\":3,\\"->1\\":1},\\"types\\":[\\"object\\",\\"object\\",\\"number\\",\\"number\\"]}"`;

exports[`serialize() should serialize undefined 1`] = `"{\\"pool\\":[],\\"pointers\\":{},\\"types\\":[]}"`;
