// Jest Snapshot v1, https://goo.gl/fbAQLP

exports[`Logger should log to the console 1`] = `
[MockFunction] {
  "calls": Array [
    Array [
      "DEBUG",
      Object {
        "background": "black",
        "color": "lightgray",
        "css": "color: lightgray; background-color: black; font-weight: bold;",
      },
      "Logger",
      Object {
        "background": "lightgray",
        "color": "#a00",
        "css": "color: #a00; background-color: lightgray; font-weight: bold;",
      },
      "Created logger",
      "Logger",
    ],
    Array [
      "DEBUG",
      Object {
        "background": "black",
        "color": "lightgray",
        "css": "color: lightgray; background-color: black; font-weight: bold;",
      },
      "Logger",
      Object {
        "background": "lightgray",
        "color": "#a00",
        "css": "color: #a00; background-color: lightgray; font-weight: bold;",
      },
      "Created logger",
      "Test Component",
    ],
    Array [
      "DEBUG",
      Object {
        "background": "black",
        "color": "lightgray",
        "css": "color: lightgray; background-color: black; font-weight: bold;",
      },
      "Test Component",
      Object {
        "background": "lightgray",
        "color": "#a00",
        "css": "color: #a00; background-color: lightgray; font-weight: bold;",
      },
      "Hello world",
    ],
  ],
  "results": Array [
    Object {
      "type": "return",
      "value": undefined,
    },
    Object {
      "type": "return",
      "value": undefined,
    },
    Object {
      "type": "return",
      "value": undefined,
    },
  ],
}
`;
